05:35:05 **** Incremental Build of configuration Debug for project carAutomation ****
make -j4 all 
arm-none-eabi-gcc "../Src/main.c" -mcpu=cortex-m4 -std=gnu11 -g3 -DUSE_HAL_DRIVER -DDEBUG -DSTM32F407xx -c -I../Inc -I../Drivers/CMSIS/Include -I../Drivers/STM32F4xx_HAL_Driver/Inc -I../Drivers/CMSIS/Device/ST/STM32F4xx/Include -I../Drivers/STM32F4xx_HAL_Driver/Inc/Legacy -O0 -ffunction-sections -fdata-sections -Wall -fstack-usage -MMD -MP -MF"Src/main.d" -MT"Src/main.o" --specs=nano.specs -mfpu=fpv4-sp-d16 -mfloat-abi=hard -mthumb -o "Src/main.o"
arm-none-eabi-g++ -o "carAutomation.elf" @"objects.list"   -mcpu=cortex-m4 -T"/home/jose/STM32CubeIDE/workspace_1.0.1/carAutomation/STM32F407VGTX_FLASH.ld" --specs=nosys.specs -Wl,-Map="carAutomation.map" -Wl,--gc-sections -static --specs=nano.specs -mfpu=fpv4-sp-d16 -mfloat-abi=hard -mthumb -Wl,--start-group -lc -lm -lstdc++ -lsupc++ -Wl,--end-group
Finished building target: carAutomation.elf
 
arm-none-eabi-objdump -h -S  carAutomation.elf  > "carAutomation.list"
arm-none-eabi-size   carAutomation.elf 
   text	   data	    bss	    dec	    hex	filename
 168844	    756	   7608	 177208	  2b438	carAutomation.elf
Finished building: default.size.stdout
 
Finished building: carAutomation.list
 

05:35:07 Build Finished. 0 errors, 0 warnings. (took 2s.832ms)

