02:09:33 **** Incremental Build of configuration Debug for project Rocky ****
make -j4 all 
arm-none-eabi-gcc "../Src/main.c" -mcpu=cortex-m4 -std=gnu11 -g3 -DUSE_HAL_DRIVER -DDEBUG -DSTM32F407xx -c -I../Inc -I../Drivers/CMSIS/Include -I../Drivers/STM32F4xx_HAL_Driver/Inc -I../Drivers/CMSIS/Device/ST/STM32F4xx/Include -I../Drivers/STM32F4xx_HAL_Driver/Inc/Legacy -O0 -ffunction-sections -fdata-sections -Wall -fstack-usage -MMD -MP -MF"Src/main.d" -MT"Src/main.o" --specs=nano.specs -mfpu=fpv4-sp-d16 -mfloat-abi=hard -mthumb -o "Src/main.o"
arm-none-eabi-gcc -o "Rocky.elf" @"objects.list"   -mcpu=cortex-m4 -T"/home/jose/STM32CubeIDE/workspace_1.0.1/Rocky/STM32F407VGTX_FLASH.ld" --specs=nosys.specs -Wl,-Map="Rocky.map" -Wl,--gc-sections -static --specs=nano.specs -mfpu=fpv4-sp-d16 -mfloat-abi=hard -mthumb -Wl,--start-group -lc -lm -Wl,--end-group
Finished building target: Rocky.elf
 
arm-none-eabi-objdump -h -S  Rocky.elf  > "Rocky.list"
arm-none-eabi-objcopy  -O ihex  Rocky.elf  "Rocky.hex"
arm-none-eabi-size   Rocky.elf 
   text	   data	    bss	    dec	    hex	filename
   7616	     20	   1636	   9272	   2438	Rocky.elf
Finished building: Rocky.hex
Finished building: default.size.stdout
 
 
Finished building: Rocky.list
 

02:09:34 Build Finished. 0 errors, 0 warnings. (took 587ms)

