13:21:17 **** Incremental Build of configuration Debug for project Sound ****
make -j4 all 
arm-none-eabi-gcc "../Src/main.c" -mcpu=cortex-m4 -std=gnu11 -g3 -DUSE_HAL_DRIVER -DDEBUG -DSTM32F407xx -c -I../Inc -I../Drivers/CMSIS/Include -I../Drivers/STM32F4xx_HAL_Driver/Inc -I../Drivers/CMSIS/Device/ST/STM32F4xx/Include -I../Drivers/STM32F4xx_HAL_Driver/Inc/Legacy -O0 -ffunction-sections -fdata-sections -Wall -fstack-usage -MMD -MP -MF"Src/main.d" -MT"Src/main.o" --specs=nano.specs -mfpu=fpv4-sp-d16 -mfloat-abi=hard -mthumb -o "Src/main.o"
arm-none-eabi-g++ -o "Sound.elf" @"objects.list"  -l:libST7735_Driver.a -mcpu=cortex-m4 -T"/home/jose/Desktop/res/res3/Sound/STM32F407VGTX_FLASH.ld" --specs=nosys.specs -Wl,-Map="Sound.map" -Wl,--gc-sections -static -L"/home/jose/Desktop/res/res3/Sound/Src" --specs=nano.specs -mfpu=fpv4-sp-d16 -mfloat-abi=hard -mthumb -Wl,--start-group -lc -lm -lstdc++ -lsupc++ -Wl,--end-group
Finished building target: Sound.elf
 
arm-none-eabi-objdump -h -S  Sound.elf  > "Sound.list"
arm-none-eabi-objcopy  -O ihex  Sound.elf  "Sound.hex"
arm-none-eabi-objcopy  -O binary  Sound.elf  "Sound.bin"
arm-none-eabi-size   Sound.elf 
   text	   data	    bss	    dec	    hex	filename
  18336	    144	   1896	  20376	   4f98	Sound.elf
Finished building: default.size.stdout
Finished building: Sound.bin
Finished building: Sound.hex
 
 
 
Finished building: Sound.list
 

13:21:17 Build Finished. 0 errors, 0 warnings. (took 469ms)

